// Jest Snapshot v1, https://goo.gl/fbAQLP

exports[`EditExpense renders properly 1`] = `
<div>
  <h1>
    Edit expense:
  </h1>
  <div>
    <label>
      Description:
    </label>
     
    <EditableInput
      onClickSave={[Function]}
      value="Expense 1"
    />
  </div>
  <div>
    <label>
      Amount:
    </label>
     
    <EditableInput
      onClickSave={[Function]}
      value={999}
    />
  </div>
  <div>
    <label>
      Paid at:
    </label>
     
    <EditableInput
      onClickSave={[Function]}
      value="2017-11-11"
    />
  </div>
</div>
`;
