// Jest Snapshot v1, https://goo.gl/fbAQLP

exports[`ShowCalculation renders properly 1`] = `
ShallowWrapper {
  "length": 1,
  Symbol(enzyme.__root__): [Circular],
  Symbol(enzyme.__unrendered__): <ShowCalculation
    description="Blabla"
    expenses={
        Object {
            "1": Object {
              "amount": 999,
              "description": "Expense 1",
              "id": 1,
              "paid_at": "2017-11-11",
            },
            "2": Object {
              "amount": 1599,
              "description": "Expense 2",
              "id": 2,
              "paid_at": "2016-12-08",
            },
          }
    }
    match={
        Object {
            "params": Object {
              "token": "ABCD1234",
            },
          }
    }
    matrix={Object {}}
    members={
        Object {
            "1": Object {
              "id": 1,
              "name": "A guy",
            },
            "2": Object {
              "id": 2,
              "name": "Another guy",
            },
          }
    }
    name="My calculation"
    onClickDelete={[Function]}
    onSubmitExpenseForm={[Function]}
    store={
        Object {
            "clearActions": [Function],
            "dispatch": [Function],
            "getActions": [Function],
            "getState": [Function],
            "replaceReducer": [Function],
            "subscribe": [Function],
          }
    }
    storeSubscription={
        Subscription {
            "listeners": Object {
              "clear": [Function],
              "get": [Function],
              "notify": [Function],
              "subscribe": [Function],
            },
            "onStateChange": [Function],
            "parentSub": undefined,
            "store": Object {
              "clearActions": [Function],
              "dispatch": [Function],
              "getActions": [Function],
              "getState": [Function],
              "replaceReducer": [Function],
              "subscribe": [Function],
            },
            "unsubscribe": [Function],
          }
    }
    token="ABCD1234"
/>,
  Symbol(enzyme.__renderer__): Object {
    "batchedUpdates": [Function],
    "getNode": [Function],
    "render": [Function],
    "simulateEvent": [Function],
    "unmount": [Function],
  },
  Symbol(enzyme.__node__): Object {
    "instance": null,
    "key": undefined,
    "nodeType": "host",
    "props": Object {
      "children": Array [
        <h1>
          My calculation
</h1>,
        <p>
          Blabla
</p>,
        <h2>
          Matrix
</h2>,
        <Unknown
          elements={Object {}}
          members={
                    Object {
                              "1": Object {
                                "id": 1,
                                "name": "A guy",
                              },
                              "2": Object {
                                "id": 2,
                                "name": "Another guy",
                              },
                            }
          }
/>,
        <h2>
          Expenses
</h2>,
        <ExpenseForm
          handleSubmit={[Function]}
          members={
                    Object {
                              "1": Object {
                                "id": 1,
                                "name": "A guy",
                              },
                              "2": Object {
                                "id": 2,
                                "name": "Another guy",
                              },
                            }
          }
/>,
        <Unknown
          expenses={
                    Object {
                              "1": Object {
                                "amount": 999,
                                "description": "Expense 1",
                                "id": 1,
                                "paid_at": "2017-11-11",
                              },
                              "2": Object {
                                "amount": 1599,
                                "description": "Expense 2",
                                "id": 2,
                                "paid_at": "2016-12-08",
                              },
                            }
          }
          onClickDelete={[Function]}
/>,
      ],
    },
    "ref": null,
    "rendered": Array [
      Object {
        "instance": null,
        "key": undefined,
        "nodeType": "host",
        "props": Object {
          "children": "My calculation",
        },
        "ref": null,
        "rendered": "My calculation",
        "type": "h1",
      },
      Object {
        "instance": null,
        "key": undefined,
        "nodeType": "host",
        "props": Object {
          "children": "Blabla",
        },
        "ref": null,
        "rendered": "Blabla",
        "type": "p",
      },
      Object {
        "instance": null,
        "key": undefined,
        "nodeType": "host",
        "props": Object {
          "children": "Matrix",
        },
        "ref": null,
        "rendered": "Matrix",
        "type": "h2",
      },
      Object {
        "instance": null,
        "key": undefined,
        "nodeType": "function",
        "props": Object {
          "elements": Object {},
          "members": Object {
            "1": Object {
              "id": 1,
              "name": "A guy",
            },
            "2": Object {
              "id": 2,
              "name": "Another guy",
            },
          },
        },
        "ref": null,
        "rendered": null,
        "type": [Function],
      },
      Object {
        "instance": null,
        "key": undefined,
        "nodeType": "host",
        "props": Object {
          "children": "Expenses",
        },
        "ref": null,
        "rendered": "Expenses",
        "type": "h2",
      },
      Object {
        "instance": null,
        "key": undefined,
        "nodeType": "class",
        "props": Object {
          "handleSubmit": [Function],
          "members": Object {
            "1": Object {
              "id": 1,
              "name": "A guy",
            },
            "2": Object {
              "id": 2,
              "name": "Another guy",
            },
          },
        },
        "ref": null,
        "rendered": null,
        "type": [Function],
      },
      Object {
        "instance": null,
        "key": undefined,
        "nodeType": "function",
        "props": Object {
          "expenses": Object {
            "1": Object {
              "amount": 999,
              "description": "Expense 1",
              "id": 1,
              "paid_at": "2017-11-11",
            },
            "2": Object {
              "amount": 1599,
              "description": "Expense 2",
              "id": 2,
              "paid_at": "2016-12-08",
            },
          },
          "onClickDelete": [Function],
        },
        "ref": null,
        "rendered": null,
        "type": [Function],
      },
    ],
    "type": "div",
  },
  Symbol(enzyme.__nodes__): Array [
    Object {
      "instance": null,
      "key": undefined,
      "nodeType": "host",
      "props": Object {
        "children": Array [
          <h1>
            My calculation
</h1>,
          <p>
            Blabla
</p>,
          <h2>
            Matrix
</h2>,
          <Unknown
            elements={Object {}}
            members={
                        Object {
                                    "1": Object {
                                      "id": 1,
                                      "name": "A guy",
                                    },
                                    "2": Object {
                                      "id": 2,
                                      "name": "Another guy",
                                    },
                                  }
            }
/>,
          <h2>
            Expenses
</h2>,
          <ExpenseForm
            handleSubmit={[Function]}
            members={
                        Object {
                                    "1": Object {
                                      "id": 1,
                                      "name": "A guy",
                                    },
                                    "2": Object {
                                      "id": 2,
                                      "name": "Another guy",
                                    },
                                  }
            }
/>,
          <Unknown
            expenses={
                        Object {
                                    "1": Object {
                                      "amount": 999,
                                      "description": "Expense 1",
                                      "id": 1,
                                      "paid_at": "2017-11-11",
                                    },
                                    "2": Object {
                                      "amount": 1599,
                                      "description": "Expense 2",
                                      "id": 2,
                                      "paid_at": "2016-12-08",
                                    },
                                  }
            }
            onClickDelete={[Function]}
/>,
        ],
      },
      "ref": null,
      "rendered": Array [
        Object {
          "instance": null,
          "key": undefined,
          "nodeType": "host",
          "props": Object {
            "children": "My calculation",
          },
          "ref": null,
          "rendered": "My calculation",
          "type": "h1",
        },
        Object {
          "instance": null,
          "key": undefined,
          "nodeType": "host",
          "props": Object {
            "children": "Blabla",
          },
          "ref": null,
          "rendered": "Blabla",
          "type": "p",
        },
        Object {
          "instance": null,
          "key": undefined,
          "nodeType": "host",
          "props": Object {
            "children": "Matrix",
          },
          "ref": null,
          "rendered": "Matrix",
          "type": "h2",
        },
        Object {
          "instance": null,
          "key": undefined,
          "nodeType": "function",
          "props": Object {
            "elements": Object {},
            "members": Object {
              "1": Object {
                "id": 1,
                "name": "A guy",
              },
              "2": Object {
                "id": 2,
                "name": "Another guy",
              },
            },
          },
          "ref": null,
          "rendered": null,
          "type": [Function],
        },
        Object {
          "instance": null,
          "key": undefined,
          "nodeType": "host",
          "props": Object {
            "children": "Expenses",
          },
          "ref": null,
          "rendered": "Expenses",
          "type": "h2",
        },
        Object {
          "instance": null,
          "key": undefined,
          "nodeType": "class",
          "props": Object {
            "handleSubmit": [Function],
            "members": Object {
              "1": Object {
                "id": 1,
                "name": "A guy",
              },
              "2": Object {
                "id": 2,
                "name": "Another guy",
              },
            },
          },
          "ref": null,
          "rendered": null,
          "type": [Function],
        },
        Object {
          "instance": null,
          "key": undefined,
          "nodeType": "function",
          "props": Object {
            "expenses": Object {
              "1": Object {
                "amount": 999,
                "description": "Expense 1",
                "id": 1,
                "paid_at": "2017-11-11",
              },
              "2": Object {
                "amount": 1599,
                "description": "Expense 2",
                "id": 2,
                "paid_at": "2016-12-08",
              },
            },
            "onClickDelete": [Function],
          },
          "ref": null,
          "rendered": null,
          "type": [Function],
        },
      ],
      "type": "div",
    },
  ],
  Symbol(enzyme.__options__): Object {
    "adapter": ReactSixteenAdapter {
      "options": Object {
        "enableComponentDidUpdateOnSetState": true,
      },
    },
  },
}
`;
