// Jest Snapshot v1, https://goo.gl/fbAQLP

exports[`renders when in edit mode 1`] = `
<span>
  <select
    className="value"
    onChange={[Function]}
    value="ciao"
  >
    <option
      key="hello"
      value="hello"
    >
      Hallo
    </option>
    <option
      key="ciao"
      value="ciao"
    >
      Ciao
    </option>
  </select>
  <input
    className="save-button"
    onClick={[Function]}
    type="button"
    value="Save"
  />
  <input
    className="cancel-button"
    onClick={[Function]}
    type="button"
    value="Cancel"
  />
</span>
`;

exports[`renders when in show mode 1`] = `
<span>
  Hallo
  <input
    className="edit-button"
    onClick={[Function]}
    type="button"
    value="Edit"
  />
</span>
`;
